// Vitest Snapshot v1, https://vitest.dev/guide/snapshot.html

exports[`PkgDetail test > 组件渲染测试 1`] = `
"<div data-v-938b9439=\\"\\" class=\\"el-descriptions\\">
  <div class=\\"el-descriptions__header\\">
    <div class=\\"el-descriptions__title\\">依赖详情</div>
    <div class=\\"el-descriptions__extra\\"></div>
  </div>
  <div class=\\"el-descriptions__body\\">
    <table class=\\"el-descriptions__table is-bordered\\">
      <tbody>
        <tr>
          <td style=\\"min-width: 150px;\\" class=\\"el-descriptions__cell el-descriptions__label is-bordered-label\\" colspan=\\"1\\">包名</td>
          <td style=\\"min-width: 150px;\\" class=\\"el-descriptions__cell el-descriptions__content is-bordered-content\\" colspan=\\"NaN\\">包名</td>
        </tr>
        <tr>
          <td class=\\"el-descriptions__cell el-descriptions__label is-bordered-label\\" colspan=\\"1\\">版本</td>
          <td class=\\"el-descriptions__cell el-descriptions__content is-bordered-content\\" colspan=\\"NaN\\">版本</td>
        </tr>
        <tr>
          <td class=\\"el-descriptions__cell el-descriptions__label is-bordered-label\\" colspan=\\"1\\">是否循环依赖</td>
          <td class=\\"el-descriptions__cell el-descriptions__content is-bordered-content\\" colspan=\\"NaN\\">
            <transition-stub data-v-938b9439=\\"\\" name=\\"el-zoom-in-center\\" appear=\\"true\\" persisted=\\"false\\" css=\\"true\\"><span class=\\"el-tag el-tag--danger el-tag--light\\"><span class=\\"el-tag__content\\">是</span>
              <!--v-if--></span>
            </transition-stub>
          </td>
        </tr>
        <tr>
          <td class=\\"el-descriptions__cell el-descriptions__label is-bordered-label\\" colspan=\\"1\\">是否多版本</td>
          <td class=\\"el-descriptions__cell el-descriptions__content is-bordered-content\\" colspan=\\"NaN\\">
            <transition-stub data-v-938b9439=\\"\\" name=\\"el-zoom-in-center\\" appear=\\"true\\" persisted=\\"false\\" css=\\"true\\"><span class=\\"el-tag el-tag--info el-tag--light\\"><span class=\\"el-tag__content\\">否</span>
              <!--v-if--></span>
            </transition-stub>
          </td>
        </tr>
        <tr>
          <td class=\\"el-descriptions__cell el-descriptions__label is-bordered-label\\" colspan=\\"1\\">多版本查询</td>
          <td class=\\"el-descriptions__cell el-descriptions__content is-bordered-content\\" colspan=\\"1\\">
            <div data-v-938b9439=\\"\\" class=\\"links-box\\"><a data-v-938b9439=\\"\\" class=\\"el-link el-link--primary\\">
                <!--v-if--><span class=\\"el-link__inner\\">链接1</span>
                <!--v-if-->
              </a><a data-v-938b9439=\\"\\" class=\\"el-link el-link--primary\\">
                <!--v-if--><span class=\\"el-link__inner\\">链接2</span>
                <!--v-if-->
              </a><a data-v-938b9439=\\"\\" class=\\"el-link el-link--primary\\">
                <!--v-if--><span class=\\"el-link__inner\\">链接3</span>
                <!--v-if-->
              </a></div>
          </td>
        </tr>
      </tbody>
    </table>
  </div>
</div>"
`;
